
> backend@1.0.0 dev
> nodemon src/index.ts

[33m[nodemon] 3.1.14[39m
[33m[nodemon] to restart at any time, enter `rs`[39m
[33m[nodemon] watching path(s): *.*[39m
[33m[nodemon] watching extensions: ts,json[39m
[32m[nodemon] starting `ts-node src/index.ts`[39m
Server is running on port 3001
PrismaClientValidationError:
Invalid `prisma.story.findMany()` invocation in
/app/backend/src/routes/stories.ts:38:65

  35   return fib.find(f => f >= Math.ceil(rsp)) || 34;
  36 }
  37
→ 38 router.get('/', async (req, res) => res.json(await prisma.story.findMany({
       include: {
         dsus: true,
         frontendMember: true,
         ~~~~~~~~~~~~~~
         backendMember: true,
         qaMember: true,
         authorMember: true,
     ?   sprint?: true
       }
     })

Unknown field `frontendMember` for include statement on model `Story`. Available options are marked with ?.
    at throwValidationException (/app/backend/node_modules/@prisma/client/src/runtime/core/errorRendering/throwValidationException.ts:46:9)
    at zr.handleRequestError (/app/backend/node_modules/@prisma/client/src/runtime/RequestHandler.ts:211:7)
    at zr.handleAndLogRequestError (/app/backend/node_modules/@prisma/client/src/runtime/RequestHandler.ts:183:12)
    at zr.request (/app/backend/node_modules/@prisma/client/src/runtime/RequestHandler.ts:152:12)
    at processTicksAndRejections (node:internal/process/task_queues:103:5)
    at async a (/app/backend/node_modules/@prisma/client/src/runtime/getPrismaClient.ts:963:24)
    at async /app/backend/src/routes/stories.ts:38:46
PrismaClientValidationError:
Invalid `prisma.story.findMany()` invocation in
/app/backend/src/routes/stories.ts:38:65

  35   return fib.find(f => f >= Math.ceil(rsp)) || 34;
  36 }
  37
→ 38 router.get('/', async (req, res) => res.json(await prisma.story.findMany({
       include: {
         dsus: true,
         frontendMember: true,
         ~~~~~~~~~~~~~~
         backendMember: true,
         qaMember: true,
         authorMember: true,
     ?   sprint?: true
       }
     })

Unknown field `frontendMember` for include statement on model `Story`. Available options are marked with ?.
    at throwValidationException (/app/backend/node_modules/@prisma/client/src/runtime/core/errorRendering/throwValidationException.ts:46:9)
    at zr.handleRequestError (/app/backend/node_modules/@prisma/client/src/runtime/RequestHandler.ts:211:7)
    at zr.handleAndLogRequestError (/app/backend/node_modules/@prisma/client/src/runtime/RequestHandler.ts:183:12)
    at zr.request (/app/backend/node_modules/@prisma/client/src/runtime/RequestHandler.ts:152:12)
    at processTicksAndRejections (node:internal/process/task_queues:103:5)
    at async a (/app/backend/node_modules/@prisma/client/src/runtime/getPrismaClient.ts:963:24)
    at async /app/backend/src/routes/stories.ts:38:46
[32m[nodemon] restarting due to changes...[39m
[32m[nodemon] starting `ts-node src/index.ts`[39m
Server is running on port 3001
[32m[nodemon] restarting due to changes...[39m
[32m[nodemon] starting `ts-node src/index.ts`[39m
Server is running on port 3001
PrismaClientValidationError:
Invalid `prisma.story.findMany()` invocation in
/app/backend/src/routes/stories.ts:38:65

  35   return fib.find(f => f >= Math.ceil(rsp)) || 34;
  36 }
  37
→ 38 router.get('/', async (req, res) => res.json(await prisma.story.findMany({
       include: {
         dsus: true,
         frontendMember: true,
         ~~~~~~~~~~~~~~
         backendMember: true,
         qaMember: true,
         authorMember: true,
     ?   sprint?: true
       }
     })

Unknown field `frontendMember` for include statement on model `Story`. Available options are marked with ?.
    at throwValidationException (/app/backend/node_modules/@prisma/client/src/runtime/core/errorRendering/throwValidationException.ts:46:9)
    at zr.handleRequestError (/app/backend/node_modules/@prisma/client/src/runtime/RequestHandler.ts:211:7)
    at zr.handleAndLogRequestError (/app/backend/node_modules/@prisma/client/src/runtime/RequestHandler.ts:183:12)
    at zr.request (/app/backend/node_modules/@prisma/client/src/runtime/RequestHandler.ts:152:12)
    at processTicksAndRejections (node:internal/process/task_queues:103:5)
    at async a (/app/backend/node_modules/@prisma/client/src/runtime/getPrismaClient.ts:963:24)
    at async /app/backend/src/routes/stories.ts:38:46
PrismaClientValidationError:
Invalid `prisma.story.findMany()` invocation in
/app/backend/src/routes/stories.ts:38:65

  35   return fib.find(f => f >= Math.ceil(rsp)) || 34;
  36 }
  37
→ 38 router.get('/', async (req, res) => res.json(await prisma.story.findMany({
       include: {
         dsus: true,
         frontendMember: true,
         ~~~~~~~~~~~~~~
         backendMember: true,
         qaMember: true,
         authorMember: true,
     ?   sprint?: true
       }
     })

Unknown field `frontendMember` for include statement on model `Story`. Available options are marked with ?.
    at throwValidationException (/app/backend/node_modules/@prisma/client/src/runtime/core/errorRendering/throwValidationException.ts:46:9)
    at zr.handleRequestError (/app/backend/node_modules/@prisma/client/src/runtime/RequestHandler.ts:211:7)
    at zr.handleAndLogRequestError (/app/backend/node_modules/@prisma/client/src/runtime/RequestHandler.ts:183:12)
    at zr.request (/app/backend/node_modules/@prisma/client/src/runtime/RequestHandler.ts:152:12)
    at processTicksAndRejections (node:internal/process/task_queues:103:5)
    at async a (/app/backend/node_modules/@prisma/client/src/runtime/getPrismaClient.ts:963:24)
    at async /app/backend/src/routes/stories.ts:38:46
PrismaClientValidationError:
Invalid `prisma.story.findMany()` invocation in
/app/backend/src/routes/stories.ts:38:65

  35   return fib.find(f => f >= Math.ceil(rsp)) || 34;
  36 }
  37
→ 38 router.get('/', async (req, res) => res.json(await prisma.story.findMany({
       include: {
         dsus: true,
         frontendMember: true,
         ~~~~~~~~~~~~~~
         backendMember: true,
         qaMember: true,
         authorMember: true,
     ?   sprint?: true
       }
     })

Unknown field `frontendMember` for include statement on model `Story`. Available options are marked with ?.
    at throwValidationException (/app/backend/node_modules/@prisma/client/src/runtime/core/errorRendering/throwValidationException.ts:46:9)
    at zr.handleRequestError (/app/backend/node_modules/@prisma/client/src/runtime/RequestHandler.ts:211:7)
    at zr.handleAndLogRequestError (/app/backend/node_modules/@prisma/client/src/runtime/RequestHandler.ts:183:12)
    at zr.request (/app/backend/node_modules/@prisma/client/src/runtime/RequestHandler.ts:152:12)
    at processTicksAndRejections (node:internal/process/task_queues:103:5)
    at async a (/app/backend/node_modules/@prisma/client/src/runtime/getPrismaClient.ts:963:24)
    at async /app/backend/src/routes/stories.ts:38:46
PrismaClientValidationError:
Invalid `prisma.story.findMany()` invocation in
/app/backend/src/routes/stories.ts:38:65

  35   return fib.find(f => f >= Math.ceil(rsp)) || 34;
  36 }
  37
→ 38 router.get('/', async (req, res) => res.json(await prisma.story.findMany({
       include: {
         dsus: true,
         frontendMember: true,
         ~~~~~~~~~~~~~~
         backendMember: true,
         qaMember: true,
         authorMember: true,
     ?   sprint?: true
       }
     })

Unknown field `frontendMember` for include statement on model `Story`. Available options are marked with ?.
    at throwValidationException (/app/backend/node_modules/@prisma/client/src/runtime/core/errorRendering/throwValidationException.ts:46:9)
    at zr.handleRequestError (/app/backend/node_modules/@prisma/client/src/runtime/RequestHandler.ts:211:7)
    at zr.handleAndLogRequestError (/app/backend/node_modules/@prisma/client/src/runtime/RequestHandler.ts:183:12)
    at zr.request (/app/backend/node_modules/@prisma/client/src/runtime/RequestHandler.ts:152:12)
    at processTicksAndRejections (node:internal/process/task_queues:103:5)
    at async a (/app/backend/node_modules/@prisma/client/src/runtime/getPrismaClient.ts:963:24)
    at async /app/backend/src/routes/stories.ts:38:46
PrismaClientValidationError:
Invalid `prisma.story.findMany()` invocation in
/app/backend/src/routes/stories.ts:38:65

  35   return fib.find(f => f >= Math.ceil(rsp)) || 34;
  36 }
  37
→ 38 router.get('/', async (req, res) => res.json(await prisma.story.findMany({
       include: {
         dsus: true,
         frontendMember: true,
         ~~~~~~~~~~~~~~
         backendMember: true,
         qaMember: true,
         authorMember: true,
     ?   sprint?: true
       }
     })

Unknown field `frontendMember` for include statement on model `Story`. Available options are marked with ?.
    at throwValidationException (/app/backend/node_modules/@prisma/client/src/runtime/core/errorRendering/throwValidationException.ts:46:9)
    at zr.handleRequestError (/app/backend/node_modules/@prisma/client/src/runtime/RequestHandler.ts:211:7)
    at zr.handleAndLogRequestError (/app/backend/node_modules/@prisma/client/src/runtime/RequestHandler.ts:183:12)
    at zr.request (/app/backend/node_modules/@prisma/client/src/runtime/RequestHandler.ts:152:12)
    at processTicksAndRejections (node:internal/process/task_queues:103:5)
    at async a (/app/backend/node_modules/@prisma/client/src/runtime/getPrismaClient.ts:963:24)
    at async /app/backend/src/routes/stories.ts:38:46
PrismaClientValidationError:
Invalid `prisma.story.findMany()` invocation in
/app/backend/src/routes/stories.ts:38:65

  35   return fib.find(f => f >= Math.ceil(rsp)) || 34;
  36 }
  37
→ 38 router.get('/', async (req, res) => res.json(await prisma.story.findMany({
       include: {
         dsus: true,
         frontendMember: true,
         ~~~~~~~~~~~~~~
         backendMember: true,
         qaMember: true,
         authorMember: true,
     ?   sprint?: true
       }
     })

Unknown field `frontendMember` for include statement on model `Story`. Available options are marked with ?.
    at throwValidationException (/app/backend/node_modules/@prisma/client/src/runtime/core/errorRendering/throwValidationException.ts:46:9)
    at zr.handleRequestError (/app/backend/node_modules/@prisma/client/src/runtime/RequestHandler.ts:211:7)
    at zr.handleAndLogRequestError (/app/backend/node_modules/@prisma/client/src/runtime/RequestHandler.ts:183:12)
    at zr.request (/app/backend/node_modules/@prisma/client/src/runtime/RequestHandler.ts:152:12)
    at processTicksAndRejections (node:internal/process/task_queues:103:5)
    at async a (/app/backend/node_modules/@prisma/client/src/runtime/getPrismaClient.ts:963:24)
    at async /app/backend/src/routes/stories.ts:38:46
PrismaClientValidationError:
Invalid `prisma.story.findMany()` invocation in
/app/backend/src/routes/stories.ts:38:65

  35   return fib.find(f => f >= Math.ceil(rsp)) || 34;
  36 }
  37
→ 38 router.get('/', async (req, res) => res.json(await prisma.story.findMany({
       include: {
         dsus: true,
         frontendMember: true,
         ~~~~~~~~~~~~~~
         backendMember: true,
         qaMember: true,
         authorMember: true,
     ?   sprint?: true
       }
     })

Unknown field `frontendMember` for include statement on model `Story`. Available options are marked with ?.
    at throwValidationException (/app/backend/node_modules/@prisma/client/src/runtime/core/errorRendering/throwValidationException.ts:46:9)
    at zr.handleRequestError (/app/backend/node_modules/@prisma/client/src/runtime/RequestHandler.ts:211:7)
    at zr.handleAndLogRequestError (/app/backend/node_modules/@prisma/client/src/runtime/RequestHandler.ts:183:12)
    at zr.request (/app/backend/node_modules/@prisma/client/src/runtime/RequestHandler.ts:152:12)
    at processTicksAndRejections (node:internal/process/task_queues:103:5)
    at async a (/app/backend/node_modules/@prisma/client/src/runtime/getPrismaClient.ts:963:24)
    at async /app/backend/src/routes/stories.ts:38:46
PrismaClientValidationError:
Invalid `prisma.story.findMany()` invocation in
/app/backend/src/routes/stories.ts:38:65

  35   return fib.find(f => f >= Math.ceil(rsp)) || 34;
  36 }
  37
→ 38 router.get('/', async (req, res) => res.json(await prisma.story.findMany({
       include: {
         dsus: true,
         frontendMember: true,
         ~~~~~~~~~~~~~~
         backendMember: true,
         qaMember: true,
         authorMember: true,
     ?   sprint?: true
       }
     })

Unknown field `frontendMember` for include statement on model `Story`. Available options are marked with ?.
    at throwValidationException (/app/backend/node_modules/@prisma/client/src/runtime/core/errorRendering/throwValidationException.ts:46:9)
    at zr.handleRequestError (/app/backend/node_modules/@prisma/client/src/runtime/RequestHandler.ts:211:7)
    at zr.handleAndLogRequestError (/app/backend/node_modules/@prisma/client/src/runtime/RequestHandler.ts:183:12)
    at zr.request (/app/backend/node_modules/@prisma/client/src/runtime/RequestHandler.ts:152:12)
    at processTicksAndRejections (node:internal/process/task_queues:103:5)
    at async a (/app/backend/node_modules/@prisma/client/src/runtime/getPrismaClient.ts:963:24)
    at async /app/backend/src/routes/stories.ts:38:46
